Rahul@Rahul703 MINGW64 /d/myGitRepo (master)
$ git branch
* master

Rahul@Rahul703 MINGW64 /d/myGitRepo (master)
$ dir
index.html

Rahul@Rahul703 MINGW64 /d/myGitRepo (master)
$ cat index.html
<h1>Rahul Kumar</h1>
<p>I am a Developer</p>
Rahul@Rahul703 MINGW64 /d/myGitRepo (master)
$ git branch localBranch

Rahul@Rahul703 MINGW64 /d/myGitRepo (master)
$ git branch
  localBranch
* master

Rahul@Rahul703 MINGW64 /d/myGitRepo (master)
$ git checkout localBranch
Switched to branch 'localBranch'

Rahul@Rahul703 MINGW64 /d/myGitRepo (localBranch)
$ dir
index.html

Rahul@Rahul703 MINGW64 /d/myGitRepo (localBranch)
$ cat index.html
<h1>Rahul Kumar</h1>
<p>I am a Developer</p>
Rahul@Rahul703 MINGW64 /d/myGitRepo (localBranch)
$ notepad index.html

Rahul@Rahul703 MINGW64 /d/myGitRepo (localBranch)
$ cat index.html
<h1>Rahul Kumar</h1>
<p>I am a Developer</p>
<p>I am in TCS</p>
Rahul@Rahul703 MINGW64 /d/myGitRepo (localBranch)
$ git status
On branch localBranch
Changes not staged for commit:
  (use "git add <file>..." to update what will be committed)
  (use "git restore <file>..." to discard changes in working directory)
        modified:   index.html

no changes added to commit (use "git add" and/or "git commit -a")

Rahul@Rahul703 MINGW64 /d/myGitRepo (localBranch)
$ git commit -m "a new line added in index file"
On branch localBranch
Changes not staged for commit:
        modified:   index.html

no changes added to commit

Rahul@Rahul703 MINGW64 /d/myGitRepo (localBranch)
$ git add .

Rahul@Rahul703 MINGW64 /d/myGitRepo (localBranch)
$ git commit -m "one line added in index file"
[localBranch 2ed6a90] one line added in index file
 1 file changed, 2 insertions(+), 1 deletion(-)

Rahul@Rahul703 MINGW64 /d/myGitRepo (localBranch)
$ git remote

Rahul@Rahul703 MINGW64 /d/myGitRepo (localBranch)
$ git remote add onGitLab https://gitlab.com/ignite246/demoyoutube.git

Rahul@Rahul703 MINGW64 /d/myGitRepo (localBranch)
$ git remote
onGitLab

Rahul@Rahul703 MINGW64 /d/myGitRepo (localBranch)
$ git remote -v
onGitLab        https://gitlab.com/ignite246/demoyoutube.git (fetch)
onGitLab        https://gitlab.com/ignite246/demoyoutube.git (push)

Rahul@Rahul703 MINGW64 /d/myGitRepo (localBranch)
$ git checkout master
Switched to branch 'master'

Rahul@Rahul703 MINGW64 /d/myGitRepo (master)
$ git push -u onGitLab master
Enumerating objects: 3, done.
Counting objects: 100% (3/3), done.
Writing objects: 100% (3/3), 271 bytes | 271.00 KiB/s, done.
Total 3 (delta 0), reused 0 (delta 0)
To https://gitlab.com/ignite246/demoyoutube.git
 * [new branch]      master -> master
Branch 'master' set up to track remote branch 'master' from 'onGitLab'.

Rahul@Rahul703 MINGW64 /d/myGitRepo (master)
$ notepad index.html

Rahul@Rahul703 MINGW64 /d/myGitRepo (master)
$ git status
On branch master
Your branch is up to date with 'onGitLab/master'.

Changes not staged for commit:
  (use "git add <file>..." to update what will be committed)
  (use "git restore <file>..." to discard changes in working directory)
        modified:   index.html

no changes added to commit (use "git add" and/or "git commit -a")

Rahul@Rahul703 MINGW64 /d/myGitRepo (master)
$ git add .

Rahul@Rahul703 MINGW64 /d/myGitRepo (master)
$ git commit - m "new line added"
error: pathspec '-' did not match any file(s) known to git
error: pathspec 'm' did not match any file(s) known to git
error: pathspec 'new line added' did not match any file(s) known to git

Rahul@Rahul703 MINGW64 /d/myGitRepo (master)
$ git status
On branch master
Your branch is up to date with 'onGitLab/master'.

Changes to be committed:
  (use "git restore --staged <file>..." to unstage)
        modified:   index.html


Rahul@Rahul703 MINGW64 /d/myGitRepo (master)
$ git log --oneline -1
b2a14ab (HEAD -> master, onGitLab/master) first commit,index.html added

Rahul@Rahul703 MINGW64 /d/myGitRepo (master)
$ git log --oneline -2
b2a14ab (HEAD -> master, onGitLab/master) first commit,index.html added

Rahul@Rahul703 MINGW64 /d/myGitRepo (master)
$ git commit -m "One line added"
[master d5eea48] One line added
 1 file changed, 2 insertions(+), 1 deletion(-)

Rahul@Rahul703 MINGW64 /d/myGitRepo (master)
$ git log --oneline -2
d5eea48 (HEAD -> master) One line added
b2a14ab (onGitLab/master) first commit,index.html added

Rahul@Rahul703 MINGW64 /d/myGitRepo (master)
$ git push -u onGitLab
Enumerating objects: 5, done.
Counting objects: 100% (5/5), done.
Delta compression using up to 8 threads
Compressing objects: 100% (2/2), done.
Writing objects: 100% (3/3), 305 bytes | 305.00 KiB/s, done.
Total 3 (delta 0), reused 0 (delta 0)
To https://gitlab.com/ignite246/demoyoutube.git
   b2a14ab..d5eea48  master -> master
Branch 'master' set up to track remote branch 'master' from 'onGitLab'.

Rahul@Rahul703 MINGW64 /d/myGitRepo (master)
$ git push -u onGitLab master
Everything up-to-date
Branch 'master' set up to track remote branch 'master' from 'onGitLab'.

Rahul@Rahul703 MINGW64 /d/myGitRepo (master)
$
